[2026-09-04 19:23:09]:level:line:[1]:filename:[3948457850.py]:module:[3948457850]:error: hello this is the logger test message
[2026-09-04 19:33:57]:[1]:[3948457850.py]:[3948457850]:error: hello this is the logger test message
[2026-09-04 19:34:44]:[1]:[3948457850.py]:[3948457850]:message: hello this is the logger test message
[2026-09-09 14:54:43]:[10]:[training_data.py]:[training_data]:message: Imported training data from Delhi between 2014-01-01 and 2024-01-01
[2026-09-09 14:54:51]:[10]:[training_data.py]:[training_data]:message: Imported training data from Chennai between 2014-01-01 and 2024-01-01
[2026-09-09 14:55:01]:[10]:[training_data.py]:[training_data]:message: Imported training data from Leh between 2014-01-01 and 2024-01-01
[2026-09-09 14:55:09]:[10]:[training_data.py]:[training_data]:message: Imported training data from Jaisalmer between 2014-01-01 and 2024-01-01
[2026-09-09 14:55:17]:[10]:[training_data.py]:[training_data]:message: Imported training data from Kolkata between 2014-01-01 and 2024-01-01
[2026-09-09 14:56:02]:[10]:[training_data.py]:[training_data]:message: Imported training data from Shimla between 2014-01-01 and 2024-01-01
[2026-09-09 14:56:10]:[10]:[training_data.py]:[training_data]:message: Imported training data from Guwahati between 2014-01-01 and 2024-01-01
[2026-09-09 14:59:54]:[10]:[training_data.py]:[training_data]:message: Imported training data from Delhi between 2014-01-01 and 2024-01-01
[2026-09-09 14:59:55]:[10]:[training_data.py]:[training_data]:message: Imported training data from Chennai between 2014-01-01 and 2024-01-01
[2026-09-09 14:59:56]:[10]:[training_data.py]:[training_data]:message: Imported training data from Leh between 2014-01-01 and 2024-01-01
[2026-09-09 14:59:58]:[10]:[training_data.py]:[training_data]:message: Imported training data from Jaisalmer between 2014-01-01 and 2024-01-01
[2026-09-09 14:59:59]:[10]:[training_data.py]:[training_data]:message: Imported training data from Kolkata between 2014-01-01 and 2024-01-01
[2026-09-09 15:00:00]:[10]:[training_data.py]:[training_data]:message: Imported training data from Shimla between 2014-01-01 and 2024-01-01
[2026-09-09 15:00:01]:[10]:[training_data.py]:[training_data]:message: Imported training data from Guwahati between 2014-01-01 and 2024-01-01
[2026-09-09 15:00:33]:[10]:[training_data.py]:[training_data]:message: Imported training data from Delhi between 2014-01-01 and 2024-01-01
[2026-09-09 15:00:34]:[10]:[training_data.py]:[training_data]:message: Imported training data from Chennai between 2014-01-01 and 2024-01-01
[2026-09-09 15:00:36]:[10]:[training_data.py]:[training_data]:message: Imported training data from Leh between 2014-01-01 and 2024-01-01
[2026-09-09 15:00:37]:[10]:[training_data.py]:[training_data]:message: Imported training data from Jaisalmer between 2014-01-01 and 2024-01-01
[2026-09-09 15:00:38]:[10]:[training_data.py]:[training_data]:message: Imported training data from Kolkata between 2014-01-01 and 2024-01-01
[2026-09-09 15:00:39]:[10]:[training_data.py]:[training_data]:message: Imported training data from Shimla between 2014-01-01 and 2024-01-01
[2026-09-09 15:17:36]:[16]:[data_ingestion.py]:[data_ingestion]:message: extraction failed 'results'
[2026-09-09 15:17:36]:[10]:[training_data.py]:[training_data]:message: Imported training data from Banglore between 2014-01-01 and 2024-01-01
[2026-09-09 15:17:47]:[10]:[training_data.py]:[training_data]:message: Imported training data from Visakhapatnam between 2014-01-01 and 2024-01-01
[2026-09-09 15:18:49]:[16]:[data_ingestion.py]:[data_ingestion]:message: extraction failed 'results'
[2026-09-09 15:18:49]:[10]:[training_data.py]:[training_data]:message: Imported training data from Banglore between 2014-01-01 and 2024-01-01
[2026-09-09 15:26:35]:[79]:[utils.py]:[utils]:message: failed to fetch coordinates 'results'
[2026-09-09 15:34:35]:[79]:[utils.py]:[utils]:message: failed to fetch coordinates 'results'
[2026-09-09 15:47:18]:[10]:[testing_data.py]:[testing_data]:message: importing test data from Delhi between 2024-01-01 and 2025-01-01
[2026-09-09 15:47:24]:[10]:[testing_data.py]:[testing_data]:message: importing test data from Chennai between 2024-01-01 and 2025-01-01
[2026-09-09 15:47:28]:[10]:[testing_data.py]:[testing_data]:message: importing test data from Leh between 2024-01-01 and 2025-01-01
[2026-09-09 15:47:34]:[10]:[testing_data.py]:[testing_data]:message: importing test data from Jaisalmer between 2024-01-01 and 2025-01-01
[2026-09-09 15:47:34]:[10]:[testing_data.py]:[testing_data]:message: importing test data from Kolkata between 2024-01-01 and 2025-01-01
[2026-09-09 15:47:38]:[10]:[testing_data.py]:[testing_data]:message: importing test data from Shimla between 2024-01-01 and 2025-01-01
[2026-09-09 15:47:43]:[10]:[testing_data.py]:[testing_data]:message: importing test data from Guwahati between 2024-01-01 and 2025-01-01
[2026-09-09 15:47:43]:[79]:[utils.py]:[utils]:message: failed to fetch coordinates 'results'
[2026-09-09 15:48:59]:[10]:[testing_data.py]:[testing_data]:message: importing test data from Delhi between 2024-01-01 and 2025-01-01
[2026-09-09 15:49:00]:[10]:[testing_data.py]:[testing_data]:message: importing test data from Chennai between 2024-01-01 and 2025-01-01
[2026-09-09 15:49:00]:[10]:[testing_data.py]:[testing_data]:message: importing test data from Leh between 2024-01-01 and 2025-01-01
[2026-09-09 15:49:00]:[10]:[testing_data.py]:[testing_data]:message: importing test data from Jaisalmer between 2024-01-01 and 2025-01-01
[2026-09-09 15:49:00]:[10]:[testing_data.py]:[testing_data]:message: importing test data from Kolkata between 2024-01-01 and 2025-01-01
[2026-09-09 15:49:00]:[10]:[testing_data.py]:[testing_data]:message: importing test data from Shimla between 2024-01-01 and 2025-01-01
[2026-09-09 15:49:00]:[10]:[testing_data.py]:[testing_data]:message: importing test data from Guwahati between 2024-01-01 and 2025-01-01
[2026-09-09 15:49:05]:[10]:[testing_data.py]:[testing_data]:message: importing test data from Bengaluru between 2024-01-01 and 2025-01-01
[2026-09-09 15:49:07]:[10]:[testing_data.py]:[testing_data]:message: importing test data from Visakhapatnam between 2024-01-01 and 2025-01-01
[2026-09-09 15:49:44]:[10]:[training_data.py]:[training_data]:message: Imported training data from Bengaluru between 2014-01-01 and 2024-01-01
[2026-09-10 02:15:35]:[16]:[main.py]:[main]:message: Loading the model into the server.
[2026-09-10 02:15:38]:[16]:[main.py]:[main]:message: Loading the model into the server.
[2026-09-10 02:19:19]:[16]:[main.py]:[main]:message: Loading the model into the server.
[2026-09-10 02:19:21]:[16]:[main.py]:[main]:message: Loading the model into the server.
[2026-09-10 02:19:35]:[72]:[main.py]:[main]:message: Exception has occured while testing model high <= 0
[2026-09-10 02:20:11]:[72]:[main.py]:[main]:message: Exception has occured while testing model "None of [Index([0, 0, 0, 0, 0, 0, 0, 0, 0, 0,\n       ...\n       0, 0, 0, 0, 0, 0, 0, 0, 0, 0],\n      dtype='int64', length=4578)] are in the [columns]"
[2026-09-10 02:21:56]:[16]:[main.py]:[main]:message: Loading the model into the server.
[2026-09-10 02:21:59]:[16]:[main.py]:[main]:message: Loading the model into the server.
[2026-09-10 02:23:22]:[16]:[main.py]:[main]:message: Loading the model into the server.
[2026-09-10 02:23:53]:[72]:[main.py]:[main]:message: Exception has occured while testing model 0
[2026-09-10 02:26:19]:[16]:[main.py]:[main]:message: Loading the model into the server.
[2026-09-10 02:26:22]:[16]:[main.py]:[main]:message: Loading the model into the server.
[2026-09-10 02:26:53]:[72]:[main.py]:[main]:message: Exception has occured while testing model high <= 0
[2026-09-10 02:30:10]:[16]:[main.py]:[main]:message: Loading the model into the server.
[2026-09-10 02:30:13]:[16]:[main.py]:[main]:message: Loading the model into the server.
[2026-09-10 02:30:15]:[16]:[main.py]:[main]:message: Loading the model into the server.
[2026-09-10 02:30:18]:[16]:[main.py]:[main]:message: Loading the model into the server.
[2026-09-10 02:30:20]:[16]:[main.py]:[main]:message: Loading the model into the server.
[2026-09-10 02:30:23]:[16]:[main.py]:[main]:message: Loading the model into the server.
[2026-09-10 02:30:25]:[16]:[main.py]:[main]:message: Loading the model into the server.
[2026-09-10 02:30:28]:[16]:[main.py]:[main]:message: Loading the model into the server.
[2026-09-10 02:30:31]:[16]:[main.py]:[main]:message: Loading the model into the server.
[2026-09-10 02:30:34]:[16]:[main.py]:[main]:message: Loading the model into the server.
[2026-09-10 02:30:37]:[16]:[main.py]:[main]:message: Loading the model into the server.
[2026-09-10 02:30:42]:[16]:[main.py]:[main]:message: Loading the model into the server.
[2026-09-10 02:30:46]:[16]:[main.py]:[main]:message: Loading the model into the server.
[2026-09-10 02:30:48]:[16]:[main.py]:[main]:message: Loading the model into the server.
[2026-09-10 02:30:54]:[16]:[main.py]:[main]:message: Loading the model into the server.
[2026-09-10 02:30:57]:[16]:[main.py]:[main]:message: Loading the model into the server.
[2026-09-10 02:30:59]:[16]:[main.py]:[main]:message: Loading the model into the server.
[2026-09-10 02:31:02]:[16]:[main.py]:[main]:message: Loading the model into the server.
[2026-09-10 02:31:04]:[16]:[main.py]:[main]:message: Loading the model into the server.
[2026-09-10 02:31:07]:[16]:[main.py]:[main]:message: Loading the model into the server.
[2026-09-10 02:31:11]:[39]:[main.py]:[main]:message: Exception has occured while testing model high <= 0
[2026-09-10 02:31:20]:[39]:[main.py]:[main]:message: Exception has occured while testing model high <= 0
[2026-09-10 02:40:57]:[17]:[main.py]:[main]:message: Loading the model into the server.
[2026-09-10 02:40:59]:[17]:[main.py]:[main]:message: Loading the model into the server.
[2026-09-10 02:41:01]:[40]:[main.py]:[main]:message: Extraction error: high <= 0
Traceback (most recent call last):
  File "/home/Beta/Desktop/coding/weather_anamoly/main.py", line 38, in model_test
    df = testing_data_extraction(city=city, start=start, end=end)
  File "/home/Beta/Desktop/coding/weather_anamoly/model_training/data_ingestion.py", line 26, in testing_data_extraction
    df = anomaly_injection.inject_anomalies(df=df)
  File "/home/Beta/Desktop/coding/weather_anamoly/src/weather_anamoly/utils.py", line 167, in inject_anomalies
    self.inject_drift_fault(n_values=max(1, n_hours//drift_rate), df=df, clean_std=clean_stds)
    ~~~~~~~~~~~~~~~~~~~~~~~^^^^^^^^^^^^^^^^^^^^^^^^^^^^^^^^^^^^^^^^^^^^^^^^^^^^^^^^^^^^^^^^^^^
  File "/home/Beta/Desktop/coding/weather_anamoly/src/weather_anamoly/utils.py", line 144, in inject_drift_fault
    start = self.rnd.integers(0, n - duration)
  File "numpy/random/_generator.pyx", line 682, in numpy.random._generator.Generator.integers
  File "numpy/random/_bounded_integers.pyx", line 1334, in numpy.random._bounded_integers._rand_int64
ValueError: high <= 0
[2026-09-10 02:41:02]:[40]:[main.py]:[main]:message: Extraction error: high <= 0
Traceback (most recent call last):
  File "/home/Beta/Desktop/coding/weather_anamoly/main.py", line 38, in model_test
    df = testing_data_extraction(city=city, start=start, end=end)
  File "/home/Beta/Desktop/coding/weather_anamoly/model_training/data_ingestion.py", line 26, in testing_data_extraction
    df = anomaly_injection.inject_anomalies(df=df)
  File "/home/Beta/Desktop/coding/weather_anamoly/src/weather_anamoly/utils.py", line 167, in inject_anomalies
    self.inject_drift_fault(n_values=max(1, n_hours//drift_rate), df=df, clean_std=clean_stds)
    ~~~~~~~~~~~~~~~~~~~~~~~^^^^^^^^^^^^^^^^^^^^^^^^^^^^^^^^^^^^^^^^^^^^^^^^^^^^^^^^^^^^^^^^^^^
  File "/home/Beta/Desktop/coding/weather_anamoly/src/weather_anamoly/utils.py", line 144, in inject_drift_fault
    start = self.rnd.integers(0, n - duration)
  File "numpy/random/_generator.pyx", line 682, in numpy.random._generator.Generator.integers
  File "numpy/random/_bounded_integers.pyx", line 1334, in numpy.random._bounded_integers._rand_int64
ValueError: high <= 0
[2026-09-10 02:44:54]:[17]:[main.py]:[main]:message: Loading the model into the server.
[2026-09-10 02:44:57]:[17]:[main.py]:[main]:message: Loading the model into the server.
[2026-09-10 09:18:37]:[17]:[main.py]:[main]:message: Loading the model into the server.
[2026-09-10 09:18:40]:[17]:[main.py]:[main]:message: Loading the model into the server.
[2026-09-10 09:30:48]:[40]:[main.py]:[main]:message: Extraction error: high <= 0
Traceback (most recent call last):
  File "/home/Beta/Desktop/coding/weather_anamoly/main.py", line 38, in model_test
    df = testing_data_extraction(city=city, start=start, end=end)
  File "/home/Beta/Desktop/coding/weather_anamoly/model_training/data_ingestion.py", line 26, in testing_data_extraction
    df = anomaly_injection.inject_anomalies(df=df)
  File "/home/Beta/Desktop/coding/weather_anamoly/src/weather_anamoly/utils.py", line 167, in inject_anomalies
    self.inject_drift_fault(n_values=max(1, n_hours//drift_rate), df=df, clean_std=clean_stds)
    ~~~~~~~~~~~~~~~~~~~~~~~^^^^^^^^^^^^^^^^^^^^^^^^^^^^^^^^^^^^^^^^^^^^^^^^^^^^^^^^^^^^^^^^^^^
  File "/home/Beta/Desktop/coding/weather_anamoly/src/weather_anamoly/utils.py", line 144, in inject_drift_fault
    start = self.rnd.integers(0, n - duration)
  File "numpy/random/_generator.pyx", line 682, in numpy.random._generator.Generator.integers
  File "numpy/random/_bounded_integers.pyx", line 1334, in numpy.random._bounded_integers._rand_int64
ValueError: high <= 0
[2026-09-10 09:31:16]:[17]:[main.py]:[main]:message: Loading the model into the server.
[2026-09-10 09:31:39]:[17]:[main.py]:[main]:message: Loading the model into the server.
[2026-09-10 09:31:46]:[17]:[main.py]:[main]:message: Loading the model into the server.
[2026-09-10 09:31:59]:[17]:[main.py]:[main]:message: Loading the model into the server.
[2026-09-10 09:32:02]:[40]:[main.py]:[main]:message: Extraction error: 'results'
Traceback (most recent call last):
  File "/home/Beta/Desktop/coding/weather_anamoly/main.py", line 38, in model_test
    df = testing_data_extraction(city=city, start=start, end=end)
  File "/home/Beta/Desktop/coding/weather_anamoly/model_training/data_ingestion.py", line 19, in testing_data_extraction
    result = coordinate.Fetch_coordinates(city=city)
  File "/home/Beta/Desktop/coding/weather_anamoly/src/weather_anamoly/utils.py", line 76, in Fetch_coordinates
    result = data["results"][0]
             ~~~~^^^^^^^^^^^
KeyError: 'results'
[2026-09-10 09:32:11]:[40]:[main.py]:[main]:message: Extraction error: 'results'
Traceback (most recent call last):
  File "/home/Beta/Desktop/coding/weather_anamoly/main.py", line 38, in model_test
    df = testing_data_extraction(city=city, start=start, end=end)
  File "/home/Beta/Desktop/coding/weather_anamoly/model_training/data_ingestion.py", line 19, in testing_data_extraction
    result = coordinate.Fetch_coordinates(city=city)
  File "/home/Beta/Desktop/coding/weather_anamoly/src/weather_anamoly/utils.py", line 76, in Fetch_coordinates
    result = data["results"][0]
             ~~~~^^^^^^^^^^^
KeyError: 'results'
[2026-09-10 09:32:18]:[17]:[main.py]:[main]:message: Loading the model into the server.
[2026-09-10 09:36:26]:[17]:[main.py]:[main]:message: Loading the model into the server.
[2026-09-10 09:36:29]:[17]:[main.py]:[main]:message: Loading the model into the server.
[2026-09-10 09:36:37]:[17]:[main.py]:[main]:message: Loading the model into the server.
[2026-09-10 09:36:47]:[17]:[main.py]:[main]:message: Loading the model into the server.
[2026-09-10 09:36:50]:[17]:[main.py]:[main]:message: Loading the model into the server.
[2026-09-10 09:37:04]:[17]:[main.py]:[main]:message: Loading the model into the server.
[2026-09-10 09:37:07]:[17]:[main.py]:[main]:message: Loading the model into the server.
[2026-09-10 09:37:14]:[17]:[main.py]:[main]:message: Loading the model into the server.
[2026-09-10 09:37:23]:[17]:[main.py]:[main]:message: Loading the model into the server.
[2026-09-10 09:37:35]:[17]:[main.py]:[main]:message: Loading the model into the server.
[2026-09-10 09:37:44]:[17]:[main.py]:[main]:message: Loading the model into the server.
[2026-09-10 09:38:45]:[17]:[main.py]:[main]:message: Loading the model into the server.
[2026-09-10 09:39:07]:[17]:[main.py]:[main]:message: Loading the model into the server.
[2026-09-10 09:39:15]:[17]:[main.py]:[main]:message: Loading the model into the server.
[2026-09-10 09:40:09]:[17]:[main.py]:[main]:message: Loading the model into the server.
[2026-09-10 09:40:15]:[17]:[main.py]:[main]:message: Loading the model into the server.
[2026-09-10 09:40:17]:[17]:[main.py]:[main]:message: Loading the model into the server.
[2026-09-10 09:40:29]:[17]:[main.py]:[main]:message: Loading the model into the server.
[2026-09-10 09:40:31]:[17]:[main.py]:[main]:message: Loading the model into the server.
[2026-09-10 09:40:45]:[17]:[main.py]:[main]:message: Loading the model into the server.
[2026-09-10 09:41:10]:[17]:[main.py]:[main]:message: Loading the model into the server.
[2026-09-10 09:41:16]:[17]:[main.py]:[main]:message: Loading the model into the server.
[2026-09-10 09:41:18]:[17]:[main.py]:[main]:message: Loading the model into the server.
[2026-09-10 09:41:23]:[17]:[main.py]:[main]:message: Loading the model into the server.
[2026-09-10 09:42:18]:[17]:[main.py]:[main]:message: Loading the model into the server.
[2026-09-10 09:42:23]:[17]:[main.py]:[main]:message: Loading the model into the server.
[2026-09-10 09:45:15]:[17]:[main.py]:[main]:message: Loading the model into the server.
[2026-09-10 09:45:18]:[17]:[main.py]:[main]:message: Loading the model into the server.
[2026-09-10 09:45:21]:[17]:[main.py]:[main]:message: Loading the model into the server.
[2026-09-10 09:45:24]:[17]:[main.py]:[main]:message: Loading the model into the server.
[2026-09-10 09:45:43]:[17]:[main.py]:[main]:message: Loading the model into the server.
[2026-09-10 09:45:46]:[17]:[main.py]:[main]:message: Loading the model into the server.
[2026-09-10 09:45:48]:[17]:[main.py]:[main]:message: Loading the model into the server.
[2026-09-10 09:45:51]:[17]:[main.py]:[main]:message: Loading the model into the server.
[2026-09-10 09:46:31]:[17]:[main.py]:[main]:message: Loading the model into the server.
[2026-09-10 09:46:38]:[17]:[main.py]:[main]:message: Loading the model into the server.
[2026-09-10 09:46:40]:[17]:[main.py]:[main]:message: Loading the model into the server.
[2026-09-10 09:46:44]:[17]:[main.py]:[main]:message: Loading the model into the server.
[2026-09-10 09:46:48]:[17]:[main.py]:[main]:message: Loading the model into the server.
[2026-09-10 09:47:07]:[17]:[main.py]:[main]:message: Loading the model into the server.
[2026-09-10 09:48:57]:[17]:[main.py]:[main]:message: Loading the model into the server.
[2026-09-10 09:48:59]:[17]:[main.py]:[main]:message: Loading the model into the server.
[2026-09-10 09:50:13]:[17]:[main.py]:[main]:message: Loading the model into the server.
[2026-09-10 09:50:20]:[17]:[main.py]:[main]:message: Loading the model into the server.
[2026-09-10 09:50:23]:[17]:[main.py]:[main]:message: Loading the model into the server.
[2026-09-10 09:50:25]:[17]:[main.py]:[main]:message: Loading the model into the server.
[2026-09-10 09:50:48]:[17]:[main.py]:[main]:message: Loading the model into the server.
[2026-09-10 09:50:51]:[17]:[main.py]:[main]:message: Loading the model into the server.
[2026-09-10 09:50:57]:[17]:[main.py]:[main]:message: Loading the model into the server.
[2026-09-10 09:51:05]:[17]:[main.py]:[main]:message: Loading the model into the server.
[2026-09-10 09:51:08]:[17]:[main.py]:[main]:message: Loading the model into the server.
[2026-09-10 09:51:13]:[17]:[main.py]:[main]:message: Loading the model into the server.
[2026-09-10 09:51:18]:[17]:[main.py]:[main]:message: Loading the model into the server.
[2026-09-10 09:51:23]:[17]:[main.py]:[main]:message: Loading the model into the server.
[2026-09-10 09:51:44]:[17]:[main.py]:[main]:message: Loading the model into the server.
[2026-09-10 09:51:46]:[17]:[main.py]:[main]:message: Loading the model into the server.
[2026-09-10 09:51:49]:[17]:[main.py]:[main]:message: Loading the model into the server.
[2026-09-10 09:51:53]:[17]:[main.py]:[main]:message: Loading the model into the server.
[2026-09-10 09:51:56]:[17]:[main.py]:[main]:message: Loading the model into the server.
[2026-09-10 09:51:59]:[17]:[main.py]:[main]:message: Loading the model into the server.
[2026-09-10 09:52:03]:[17]:[main.py]:[main]:message: Loading the model into the server.
[2026-09-10 09:52:14]:[17]:[main.py]:[main]:message: Loading the model into the server.
[2026-09-10 09:52:19]:[17]:[main.py]:[main]:message: Loading the model into the server.
[2026-09-10 09:52:22]:[17]:[main.py]:[main]:message: Loading the model into the server.
[2026-09-10 09:52:24]:[17]:[main.py]:[main]:message: Loading the model into the server.
[2026-09-10 09:52:27]:[17]:[main.py]:[main]:message: Loading the model into the server.
[2026-09-10 09:52:29]:[17]:[main.py]:[main]:message: Loading the model into the server.
[2026-09-10 09:52:31]:[17]:[main.py]:[main]:message: Loading the model into the server.
[2026-09-10 09:52:34]:[17]:[main.py]:[main]:message: Loading the model into the server.
[2026-09-10 09:53:07]:[17]:[main.py]:[main]:message: Loading the model into the server.
[2026-09-10 09:53:11]:[17]:[main.py]:[main]:message: Loading the model into the server.
[2026-09-10 09:53:15]:[17]:[main.py]:[main]:message: Loading the model into the server.
[2026-09-10 09:53:22]:[17]:[main.py]:[main]:message: Loading the model into the server.
[2026-09-10 09:53:30]:[17]:[main.py]:[main]:message: Loading the model into the server.
[2026-09-10 09:53:41]:[17]:[main.py]:[main]:message: Loading the model into the server.
[2026-09-10 09:53:44]:[17]:[main.py]:[main]:message: Loading the model into the server.
[2026-09-10 09:53:46]:[17]:[main.py]:[main]:message: Loading the model into the server.
[2026-09-10 09:53:48]:[17]:[main.py]:[main]:message: Loading the model into the server.
[2026-09-10 09:53:51]:[17]:[main.py]:[main]:message: Loading the model into the server.
[2026-09-10 09:53:53]:[17]:[main.py]:[main]:message: Loading the model into the server.
[2026-09-10 09:54:19]:[44]:[main.py]:[main]:message: Extraction error: 'results'
Traceback (most recent call last):
  File "/home/Beta/Desktop/coding/weather_anamoly/main.py", line 39, in model_test
    lat , long = coor.Fetch_coordinates(city)
                 ~~~~~~~~~~~~~~~~~~~~~~^^^^^^
  File "/home/Beta/Desktop/coding/weather_anamoly/src/weather_anamoly/utils.py", line 76, in Fetch_coordinates
    result = data["results"][0]
             ~~~~^^^^^^^^^^^
KeyError: 'results'
[2026-09-10 09:56:46]:[17]:[main.py]:[main]:message: Loading the model into the server.
[2026-09-10 09:56:50]:[44]:[main.py]:[main]:message: Extraction error: Open-Meteo extraction error: No hourly weather data returned for the selected window.
Traceback (most recent call last):
  File "/home/Beta/Desktop/coding/weather_anamoly/main.py", line 41, in model_test
    df = extract(latitude=lat, longitude=long, start_date=start, end_date=end)
  File "/home/Beta/Desktop/coding/weather_anamoly/src/weather_anamoly/utils.py", line 247, in extract
    raise ValueError(f"Open-Meteo extraction error: {error_msg}")
ValueError: Open-Meteo extraction error: No hourly weather data returned for the selected window.
[2026-09-10 09:59:06]:[17]:[main.py]:[main]:message: Loading the model into the server.
[2026-09-10 09:59:16]:[17]:[main.py]:[main]:message: Loading the model into the server.
[2026-09-10 09:59:29]:[17]:[main.py]:[main]:message: Loading the model into the server.
[2026-09-10 09:59:37]:[17]:[main.py]:[main]:message: Loading the model into the server.
[2026-09-10 09:59:41]:[44]:[main.py]:[main]:message: Extraction error: 'date'
Traceback (most recent call last):
  File "/home/Beta/Desktop/coding/weather_anamoly/.venv/lib/python3.13/site-packages/pandas/core/indexes/base.py", line 3641, in get_loc
    return self._engine.get_loc(casted_key)
           ~~~~~~~~~~~~~~~~~~~~^^^^^^^^^^^^
  File "pandas/_libs/index.pyx", line 168, in pandas._libs.index.IndexEngine.get_loc
  File "pandas/_libs/index.pyx", line 197, in pandas._libs.index.IndexEngine.get_loc
  File "pandas/_libs/hashtable_class_helper.pxi", line 7668, in pandas._libs.hashtable.PyObjectHashTable.get_item
  File "pandas/_libs/hashtable_class_helper.pxi", line 7676, in pandas._libs.hashtable.PyObjectHashTable.get_item
KeyError: 'date'

The above exception was the direct cause of the following exception:

Traceback (most recent call last):
  File "/home/Beta/Desktop/coding/weather_anamoly/main.py", line 42, in model_test
    df = data_transformation(df=df, elevation=elevation, location_involvement=True, latitude=lat, longitude=long)
  File "/home/Beta/Desktop/coding/weather_anamoly/src/weather_anamoly/utils.py", line 172, in data_transformation
    df['date'] = pd.to_datetime(df['date'])
                                ~~^^^^^^^^
  File "/home/Beta/Desktop/coding/weather_anamoly/.venv/lib/python3.13/site-packages/pandas/core/frame.py", line 4378, in __getitem__
    indexer = self.columns.get_loc(key)
  File "/home/Beta/Desktop/coding/weather_anamoly/.venv/lib/python3.13/site-packages/pandas/core/indexes/base.py", line 3648, in get_loc
    raise KeyError(key) from err
KeyError: 'date'
[2026-09-10 10:00:06]:[17]:[main.py]:[main]:message: Loading the model into the server.
[2026-09-10 10:00:08]:[44]:[main.py]:[main]:message: Extraction error: 'date'
Traceback (most recent call last):
  File "/home/Beta/Desktop/coding/weather_anamoly/.venv/lib/python3.13/site-packages/pandas/core/indexes/base.py", line 3641, in get_loc
    return self._engine.get_loc(casted_key)
           ~~~~~~~~~~~~~~~~~~~~^^^^^^^^^^^^
  File "pandas/_libs/index.pyx", line 168, in pandas._libs.index.IndexEngine.get_loc
  File "pandas/_libs/index.pyx", line 197, in pandas._libs.index.IndexEngine.get_loc
  File "pandas/_libs/hashtable_class_helper.pxi", line 7668, in pandas._libs.hashtable.PyObjectHashTable.get_item
  File "pandas/_libs/hashtable_class_helper.pxi", line 7676, in pandas._libs.hashtable.PyObjectHashTable.get_item
KeyError: 'date'

The above exception was the direct cause of the following exception:

Traceback (most recent call last):
  File "/home/Beta/Desktop/coding/weather_anamoly/main.py", line 42, in model_test
    df = data_transformation(df=df, elevation=elevation, location_involvement=True, latitude=lat, longitude=long)
  File "/home/Beta/Desktop/coding/weather_anamoly/src/weather_anamoly/utils.py", line 172, in data_transformation
    df['date'] = pd.to_datetime(df['date'])
                                ~~^^^^^^^^
  File "/home/Beta/Desktop/coding/weather_anamoly/.venv/lib/python3.13/site-packages/pandas/core/frame.py", line 4378, in __getitem__
    indexer = self.columns.get_loc(key)
  File "/home/Beta/Desktop/coding/weather_anamoly/.venv/lib/python3.13/site-packages/pandas/core/indexes/base.py", line 3648, in get_loc
    raise KeyError(key) from err
KeyError: 'date'
[2026-09-10 10:00:51]:[17]:[main.py]:[main]:message: Loading the model into the server.
[2026-09-10 10:00:54]:[17]:[main.py]:[main]:message: Loading the model into the server.
[2026-09-10 10:05:46]:[17]:[main.py]:[main]:message: Loading the model into the server.
[2026-09-10 10:05:50]:[46]:[main.py]:[main]:message: Extraction error: high <= 0
Traceback (most recent call last):
  File "/home/Beta/Desktop/coding/weather_anamoly/main.py", line 43, in model_test
    df = anomalies.inject_anomalies(df=df)
  File "/home/Beta/Desktop/coding/weather_anamoly/src/weather_anamoly/utils.py", line 167, in inject_anomalies
    self.inject_drift_fault(n_values=max(1, n_hours//drift_rate), df=df, clean_std=clean_stds)
    ~~~~~~~~~~~~~~~~~~~~~~~^^^^^^^^^^^^^^^^^^^^^^^^^^^^^^^^^^^^^^^^^^^^^^^^^^^^^^^^^^^^^^^^^^^
  File "/home/Beta/Desktop/coding/weather_anamoly/src/weather_anamoly/utils.py", line 144, in inject_drift_fault
    start = self.rnd.integers(0, n - duration)
  File "numpy/random/_generator.pyx", line 682, in numpy.random._generator.Generator.integers
  File "numpy/random/_bounded_integers.pyx", line 1334, in numpy.random._bounded_integers._rand_int64
ValueError: high <= 0
[2026-09-10 10:06:05]:[46]:[main.py]:[main]:message: Extraction error: high <= 0
Traceback (most recent call last):
  File "/home/Beta/Desktop/coding/weather_anamoly/main.py", line 43, in model_test
    df = anomalies.inject_anomalies(df=df)
  File "/home/Beta/Desktop/coding/weather_anamoly/src/weather_anamoly/utils.py", line 167, in inject_anomalies
    self.inject_drift_fault(n_values=max(1, n_hours//drift_rate), df=df, clean_std=clean_stds)
    ~~~~~~~~~~~~~~~~~~~~~~~^^^^^^^^^^^^^^^^^^^^^^^^^^^^^^^^^^^^^^^^^^^^^^^^^^^^^^^^^^^^^^^^^^^
  File "/home/Beta/Desktop/coding/weather_anamoly/src/weather_anamoly/utils.py", line 144, in inject_drift_fault
    start = self.rnd.integers(0, n - duration)
  File "numpy/random/_generator.pyx", line 682, in numpy.random._generator.Generator.integers
  File "numpy/random/_bounded_integers.pyx", line 1334, in numpy.random._bounded_integers._rand_int64
ValueError: high <= 0
[2026-09-10 10:06:30]:[46]:[main.py]:[main]:message: Extraction error: high <= 0
Traceback (most recent call last):
  File "/home/Beta/Desktop/coding/weather_anamoly/main.py", line 43, in model_test
    df = anomalies.inject_anomalies(df=df)
  File "/home/Beta/Desktop/coding/weather_anamoly/src/weather_anamoly/utils.py", line 167, in inject_anomalies
    self.inject_drift_fault(n_values=max(1, n_hours//drift_rate), df=df, clean_std=clean_stds)
    ~~~~~~~~~~~~~~~~~~~~~~~^^^^^^^^^^^^^^^^^^^^^^^^^^^^^^^^^^^^^^^^^^^^^^^^^^^^^^^^^^^^^^^^^^^
  File "/home/Beta/Desktop/coding/weather_anamoly/src/weather_anamoly/utils.py", line 144, in inject_drift_fault
    start = self.rnd.integers(0, n - duration)
  File "numpy/random/_generator.pyx", line 682, in numpy.random._generator.Generator.integers
  File "numpy/random/_bounded_integers.pyx", line 1334, in numpy.random._bounded_integers._rand_int64
ValueError: high <= 0
[2026-09-10 10:08:49]:[46]:[main.py]:[main]:message: Extraction error: high <= 0
Traceback (most recent call last):
  File "/home/Beta/Desktop/coding/weather_anamoly/main.py", line 43, in model_test
    df = anomalies.inject_anomalies(df=df)
  File "/home/Beta/Desktop/coding/weather_anamoly/src/weather_anamoly/utils.py", line 167, in inject_anomalies
    self.inject_drift_fault(n_values=max(1, n_hours//drift_rate), df=df, clean_std=clean_stds)
    ~~~~~~~~~~~~~~~~~~~~~~~^^^^^^^^^^^^^^^^^^^^^^^^^^^^^^^^^^^^^^^^^^^^^^^^^^^^^^^^^^^^^^^^^^^
  File "/home/Beta/Desktop/coding/weather_anamoly/src/weather_anamoly/utils.py", line 144, in inject_drift_fault
    start = self.rnd.integers(0, n - duration)
  File "numpy/random/_generator.pyx", line 682, in numpy.random._generator.Generator.integers
  File "numpy/random/_bounded_integers.pyx", line 1334, in numpy.random._bounded_integers._rand_int64
ValueError: high <= 0
[2026-09-10 10:10:25]:[17]:[main.py]:[main]:message: Loading the model into the server.
[2026-09-10 10:10:27]:[17]:[main.py]:[main]:message: Loading the model into the server.
[2026-09-10 10:10:40]:[17]:[main.py]:[main]:message: Loading the model into the server.
[2026-09-10 10:10:43]:[17]:[main.py]:[main]:message: Loading the model into the server.
[2026-09-10 10:12:22]:[46]:[main.py]:[main]:message: Extraction error: high <= 0
Traceback (most recent call last):
  File "/home/Beta/Desktop/coding/weather_anamoly/main.py", line 43, in model_test
    df = anomalies.inject_anomalies(df=df)
  File "/home/Beta/Desktop/coding/weather_anamoly/src/weather_anamoly/utils.py", line 168, in inject_anomalies
    self.inject_drift_fault(n_values=max(1, n_hours//drift_rate), df=df, clean_std=clean_stds)
    ~~~~~~~~~~~~~~~~~~~~~~~^^^^^^^^^^^^^^^^^^^^^^^^^^^^^^^^^^^^^^^^^^^^^^^^^^^^^^^^^^^^^^^^^^^
  File "/home/Beta/Desktop/coding/weather_anamoly/src/weather_anamoly/utils.py", line 144, in inject_drift_fault
    start = self.rnd.integers(0, n - duration)
  File "numpy/random/_generator.pyx", line 682, in numpy.random._generator.Generator.integers
  File "numpy/random/_bounded_integers.pyx", line 1334, in numpy.random._bounded_integers._rand_int64
ValueError: high <= 0
[2026-09-10 10:21:29]:[46]:[main.py]:[main]:message: Extraction error: Open-Meteo extraction error: Parameter 'end_date' is out of allowed range from 2026-06-09 to 2026-09-25
Traceback (most recent call last):
  File "/home/Beta/Desktop/coding/weather_anamoly/main.py", line 41, in model_test
    df = extract(latitude=lat, longitude=long, start_date=start, end_date=end)
  File "/home/Beta/Desktop/coding/weather_anamoly/src/weather_anamoly/utils.py", line 248, in extract
    raise ValueError(f"Open-Meteo extraction error: {error_msg}")
ValueError: Open-Meteo extraction error: Parameter 'end_date' is out of allowed range from 2026-06-09 to 2026-09-25
[2026-09-10 10:22:38]:[46]:[main.py]:[main]:message: Extraction error: Open-Meteo extraction error: Parameter 'end_date' is out of allowed range from 2026-06-09 to 2026-09-25
Traceback (most recent call last):
  File "/home/Beta/Desktop/coding/weather_anamoly/main.py", line 41, in model_test
    df = extract(latitude=lat, longitude=long, start_date=start, end_date=end)
  File "/home/Beta/Desktop/coding/weather_anamoly/src/weather_anamoly/utils.py", line 248, in extract
    raise ValueError(f"Open-Meteo extraction error: {error_msg}")
ValueError: Open-Meteo extraction error: Parameter 'end_date' is out of allowed range from 2026-06-09 to 2026-09-25
[2026-09-10 10:23:24]:[46]:[main.py]:[main]:message: Extraction error: 'results'
Traceback (most recent call last):
  File "/home/Beta/Desktop/coding/weather_anamoly/main.py", line 39, in model_test
    lat , long = coor.Fetch_coordinates(city)
                 ~~~~~~~~~~~~~~~~~~~~~~^^^^^^
  File "/home/Beta/Desktop/coding/weather_anamoly/src/weather_anamoly/utils.py", line 76, in Fetch_coordinates
    result = data["results"][0]
             ~~~~^^^^^^^^^^^
KeyError: 'results'
[2026-09-10 10:55:41]:[17]:[main.py]:[main]:message: Loading the model into the server.
[2026-09-10 10:55:44]:[17]:[main.py]:[main]:message: Loading the model into the server.
[2026-09-10 11:26:45]:[17]:[main.py]:[main]:message: Loading the model into the server.
[2026-09-10 11:26:47]:[17]:[main.py]:[main]:message: Loading the model into the server.
[2026-09-10 14:56:36]:[17]:[main.py]:[main]:message: Loading the model into the server.
[2026-09-10 14:56:38]:[17]:[main.py]:[main]:message: Loading the model into the server.
[2026-09-10 15:11:29]:[46]:[main.py]:[main]:message: Extraction error: 'results'
Traceback (most recent call last):
  File "/home/Beta/Desktop/coding/weather_anamoly/main.py", line 39, in model_test
    lat , long = coor.Fetch_coordinates(city)
                 ~~~~~~~~~~~~~~~~~~~~~~^^^^^^
  File "/home/Beta/Desktop/coding/weather_anamoly/src/weather_anamoly/utils.py", line 76, in Fetch_coordinates
    result = data["results"][0]
             ~~~~^^^^^^^^^^^
KeyError: 'results'
[2026-09-10 21:34:09]:[17]:[main.py]:[main]:message: Loading the model into the server.
[2026-09-10 21:34:11]:[17]:[main.py]:[main]:message: Loading the model into the server.
[2026-09-10 22:00:06]:[17]:[main.py]:[main]:message: Loading the model into the server.
[2026-09-10 22:00:08]:[17]:[main.py]:[main]:message: Loading the model into the server.
[2026-09-11 23:16:27]:[17]:[main.py]:[main]:message: Loading the model into the server.
[2026-09-11 23:16:29]:[17]:[main.py]:[main]:message: Loading the model into the server.
[2026-09-12 00:13:14]:[17]:[main.py]:[main]:message: Loading the model into the server.
[2026-09-12 00:14:04]:[13]:[main.py]:[main]:message: Loading the model into the server.
[2026-09-13 00:50:06]:[13]:[main.py]:[main]:message: Loading the model into the server.
[2026-09-13 00:50:08]:[13]:[main.py]:[main]:message: Loading the model into the server.
[2026-09-16 23:40:04]:[13]:[main.py]:[main]:message: Loading the model into the server.
[2026-09-16 23:40:06]:[13]:[main.py]:[main]:message: Loading the model into the server.
[2026-09-18 10:43:37]:[55]:[utils.py]:[utils]:message: failed fetching data from the api failed to request 'https://archive-api.open-meteo.com/v1/archive': {'error': True, 'reason': 'Bad Request'}
[2026-09-19 11:52:33]:[55]:[utils.py]:[utils]:message: failed fetching data from the api failed to request 'https://archive-api.open-meteo.com/v1/archive': HTTPSConnectionPool(host='archive-api.open-meteo.com', port=443): Max retries exceeded with url: /v1/archive?latitude=22.56263&longitude=88.36304&start_date=2000-01-01&end_date=2014-01-01&hourly=temperature_2m&hourly=relative_humidity_2m&hourly=surface_pressure&timezone=Asia%2FKolkata&format=flatbuffers (Caused by ReadTimeoutError("HTTPSConnectionPool(host='archive-api.open-meteo.com', port=443): Read timed out. (read timeout=None)"))
[2026-09-19 11:59:00]:[55]:[utils.py]:[utils]:message: failed fetching data from the api failed to request 'https://archive-api.open-meteo.com/v1/archive': peer closed connection without sending complete message body (incomplete chunked read)
[2026-09-19 12:05:37]:[55]:[utils.py]:[utils]:message: failed fetching data from the api failed to request 'https://archive-api.open-meteo.com/v1/archive': peer closed connection without sending complete message body (incomplete chunked read)
[2026-09-21 21:24:57]:[55]:[utils.py]:[utils]:message: failed fetching data from the api failed to request 'https://archive-api.open-meteo.com/v1/archive': HTTPSConnectionPool(host='archive-api.open-meteo.com', port=443): Max retries exceeded with url: /v1/archive?latitude=16.18747&longitude=81.13888&start_date=2023-01-01&end_date=2026-01-01&hourly=temperature_2m&hourly=relative_humidity_2m&hourly=surface_pressure&timezone=Asia%2FKolkata&format=flatbuffers (Caused by NameResolutionError("<urllib3.connection.HTTPSConnection object at 0x7fde29b216d0>: Failed to resolve 'archive-api.open-meteo.com' (Name or service not known: archive-api.open-meteo.com using 1 resolver(s))"))
[2026-09-24 15:33:45]:[13]:[main.py]:[main]:message: Loading the model into the server.
[2026-09-24 15:33:48]:[13]:[main.py]:[main]:message: Loading the model into the server.
[2026-09-24 15:35:48]:[13]:[main.py]:[main]:message: Loading the model into the server.
[2026-09-24 15:36:10]:[13]:[main.py]:[main]:message: Loading the model into the server.
[2026-09-24 15:41:49]:[13]:[main.py]:[main]:message: Loading the model into the server.
[2026-09-24 15:41:58]:[13]:[main.py]:[main]:message: Loading the model into the server.
[2026-09-24 15:42:08]:[13]:[main.py]:[main]:message: Loading the model into the server.
[2026-09-24 15:42:53]:[13]:[main.py]:[main]:message: Loading the model into the server.
[2026-09-24 15:42:56]:[13]:[main.py]:[main]:message: Loading the model into the server.
[2026-09-24 15:43:11]:[13]:[main.py]:[main]:message: Loading the model into the server.
[2026-09-24 15:43:15]:[13]:[main.py]:[main]:message: Loading the model into the server.
[2026-09-24 15:43:20]:[13]:[main.py]:[main]:message: Loading the model into the server.
[2026-09-24 15:43:42]:[13]:[main.py]:[main]:message: Loading the model into the server.
[2026-09-24 15:43:47]:[14]:[main.py]:[main]:message: Loading the model into the server.
[2026-09-24 15:44:36]:[14]:[main.py]:[main]:message: Loading the model into the server.
[2026-09-24 15:44:45]:[14]:[main.py]:[main]:message: Loading the model into the server.
[2026-09-24 15:46:47]:[15]:[main.py]:[main]:message: Loading the model into the server.
[2026-09-24 15:46:51]:[15]:[main.py]:[main]:message: Loading the model into the server.
[2026-09-24 15:46:59]:[15]:[main.py]:[main]:message: Loading the model into the server.
[2026-09-24 15:49:00]:[15]:[main.py]:[main]:message: Loading the model into the server.
[2026-09-24 15:49:03]:[15]:[main.py]:[main]:message: Loading the model into the server.
[2026-09-24 15:50:32]:[15]:[main.py]:[main]:message: Loading the model into the server.
[2026-09-24 15:50:39]:[15]:[main.py]:[main]:message: Loading the model into the server.
[2026-09-24 15:50:57]:[15]:[main.py]:[main]:message: Loading the model into the server.
[2026-09-24 15:51:00]:[15]:[main.py]:[main]:message: Loading the model into the server.
[2026-09-24 15:51:04]:[15]:[main.py]:[main]:message: Loading the model into the server.
[2026-09-24 15:51:07]:[15]:[main.py]:[main]:message: Loading the model into the server.
[2026-09-24 15:51:10]:[15]:[main.py]:[main]:message: Loading the model into the server.
[2026-09-24 15:51:28]:[15]:[main.py]:[main]:message: Loading the model into the server.
[2026-09-24 15:51:38]:[15]:[main.py]:[main]:message: Loading the model into the server.
[2026-09-24 15:51:41]:[15]:[main.py]:[main]:message: Loading the model into the server.
[2026-09-24 15:51:45]:[15]:[main.py]:[main]:message: Loading the model into the server.
[2026-09-24 15:52:24]:[15]:[main.py]:[main]:message: Loading the model into the server.
[2026-09-24 15:53:39]:[15]:[main.py]:[main]:message: Loading the model into the server.
[2026-09-24 15:53:45]:[15]:[main.py]:[main]:message: Loading the model into the server.
[2026-09-25 14:21:31]:[16]:[main.py]:[main]:message: Loading the model into the server.
[2026-09-25 14:21:34]:[16]:[main.py]:[main]:message: Loading the model into the server.
[2026-09-25 14:24:01]:[16]:[main.py]:[main]:message: Loading the model into the server.
[2026-09-25 14:24:04]:[16]:[main.py]:[main]:message: Loading the model into the server.
[2026-09-25 14:24:57]:[16]:[main.py]:[main]:message: Loading the model into the server.
[2026-09-25 14:25:01]:[16]:[main.py]:[main]:message: Loading the model into the server.
[2026-09-25 14:26:12]:[16]:[main.py]:[main]:message: Loading the model into the server.
[2026-09-25 18:28:54]:[16]:[main.py]:[main]:message: Loading the model into the server.
[2026-09-26 00:39:11]:[16]:[main.py]:[main]:message: Loading the model into the server.
[2026-09-26 00:39:13]:[16]:[main.py]:[main]:message: Loading the model into the server.
[2026-09-26 00:53:20]:[16]:[main.py]:[main]:message: Loading the model into the server.
[2026-09-26 01:18:14]:[16]:[main.py]:[main]:message: Loading the model into the server.
[2026-09-26 01:18:16]:[16]:[main.py]:[main]:message: Loading the model into the server.
[2026-09-26 02:09:57]:[16]:[main.py]:[main]:message: Loading the model into the server.
[2026-09-26 02:10:06]:[16]:[main.py]:[main]:message: Loading the model into the server.
[2026-09-26 02:10:09]:[16]:[main.py]:[main]:message: Loading the model into the server.
[2026-09-26 02:10:11]:[16]:[main.py]:[main]:message: Loading the model into the server.
[2026-09-26 02:10:13]:[16]:[main.py]:[main]:message: Loading the model into the server.
[2026-09-26 02:11:31]:[16]:[main.py]:[main]:message: Loading the model into the server.
[2026-09-26 02:11:38]:[16]:[main.py]:[main]:message: Loading the model into the server.
[2026-09-26 02:11:43]:[16]:[main.py]:[main]:message: Loading the model into the server.
[2026-09-26 02:26:23]:[16]:[main.py]:[main]:message: Loading the model into the server.
[2026-09-26 02:26:31]:[16]:[main.py]:[main]:message: Loading the model into the server.
[2026-09-26 02:26:37]:[16]:[main.py]:[main]:message: Loading the model into the server.
[2026-09-26 02:26:41]:[16]:[main.py]:[main]:message: Loading the model into the server.
[2026-09-26 02:26:44]:[16]:[main.py]:[main]:message: Loading the model into the server.
[2026-09-26 02:27:03]:[16]:[main.py]:[main]:message: Loading the model into the server.
[2026-09-26 02:27:49]:[16]:[main.py]:[main]:message: Loading the model into the server.
[2026-09-26 02:28:00]:[16]:[main.py]:[main]:message: Loading the model into the server.
[2026-09-26 02:28:05]:[16]:[main.py]:[main]:message: Loading the model into the server.
[2026-09-26 02:28:08]:[16]:[main.py]:[main]:message: Loading the model into the server.
[2026-09-26 02:32:43]:[16]:[main.py]:[main]:message: Loading the model into the server.
[2026-09-26 02:32:46]:[16]:[main.py]:[main]:message: Loading the model into the server.
[2026-09-26 02:32:48]:[16]:[main.py]:[main]:message: Loading the model into the server.
[2026-09-26 02:32:55]:[16]:[main.py]:[main]:message: Loading the model into the server.
[2026-09-26 02:32:58]:[16]:[main.py]:[main]:message: Loading the model into the server.
[2026-09-26 02:33:33]:[16]:[main.py]:[main]:message: Loading the model into the server.
[2026-09-26 02:33:36]:[16]:[main.py]:[main]:message: Loading the model into the server.
[2026-09-26 02:33:39]:[16]:[main.py]:[main]:message: Loading the model into the server.
[2026-09-26 02:38:44]:[16]:[main.py]:[main]:message: Loading the model into the server.
[2026-09-26 02:38:47]:[16]:[main.py]:[main]:message: Loading the model into the server.
[2026-09-26 02:38:58]:[16]:[main.py]:[main]:message: Loading the model into the server.
[2026-09-26 02:39:00]:[16]:[main.py]:[main]:message: Loading the model into the server.
[2026-09-26 02:39:03]:[16]:[main.py]:[main]:message: Loading the model into the server.
[2026-09-26 02:40:15]:[16]:[main.py]:[main]:message: Loading the model into the server.
[2026-09-26 02:40:33]:[16]:[main.py]:[main]:message: Loading the model into the server.
[2026-09-26 02:40:36]:[16]:[main.py]:[main]:message: Loading the model into the server.
[2026-09-26 02:40:46]:[16]:[main.py]:[main]:message: Loading the model into the server.
[2026-09-26 02:40:50]:[16]:[main.py]:[main]:message: Loading the model into the server.
[2026-09-26 02:40:53]:[16]:[main.py]:[main]:message: Loading the model into the server.
[2026-09-26 02:40:55]:[16]:[main.py]:[main]:message: Loading the model into the server.
[2026-09-26 02:41:29]:[16]:[main.py]:[main]:message: Loading the model into the server.
[2026-09-26 02:41:44]:[16]:[main.py]:[main]:message: Loading the model into the server.
[2026-09-26 02:41:58]:[16]:[main.py]:[main]:message: Loading the model into the server.
[2026-09-26 02:42:25]:[16]:[main.py]:[main]:message: Loading the model into the server.
[2026-09-26 02:42:28]:[16]:[main.py]:[main]:message: Loading the model into the server.
[2026-09-26 02:42:44]:[16]:[main.py]:[main]:message: Loading the model into the server.
[2026-09-26 02:44:37]:[16]:[main.py]:[main]:message: Loading the model into the server.
[2026-09-26 02:44:47]:[16]:[main.py]:[main]:message: Loading the model into the server.
[2026-09-26 02:44:49]:[16]:[main.py]:[main]:message: Loading the model into the server.
[2026-09-26 02:44:55]:[16]:[main.py]:[main]:message: Loading the model into the server.
[2026-09-26 02:45:01]:[16]:[main.py]:[main]:message: Loading the model into the server.
[2026-09-26 02:45:04]:[16]:[main.py]:[main]:message: Loading the model into the server.
[2026-09-26 02:45:07]:[16]:[main.py]:[main]:message: Loading the model into the server.
[2026-09-26 02:45:10]:[16]:[main.py]:[main]:message: Loading the model into the server.
[2026-09-26 02:45:16]:[16]:[main.py]:[main]:message: Loading the model into the server.
[2026-09-26 02:45:21]:[16]:[main.py]:[main]:message: Loading the model into the server.
[2026-09-26 02:45:23]:[16]:[main.py]:[main]:message: Loading the model into the server.
[2026-09-26 02:45:26]:[16]:[main.py]:[main]:message: Loading the model into the server.
[2026-09-26 02:45:29]:[16]:[main.py]:[main]:message: Loading the model into the server.
[2026-09-26 02:45:31]:[16]:[main.py]:[main]:message: Loading the model into the server.
[2026-09-26 02:45:35]:[16]:[main.py]:[main]:message: Loading the model into the server.
[2026-09-26 02:45:42]:[16]:[main.py]:[main]:message: Loading the model into the server.
[2026-09-26 02:45:44]:[16]:[main.py]:[main]:message: Loading the model into the server.
[2026-09-26 02:45:49]:[16]:[main.py]:[main]:message: Loading the model into the server.
[2026-09-26 02:45:55]:[16]:[main.py]:[main]:message: Loading the model into the server.
[2026-09-26 02:45:57]:[16]:[main.py]:[main]:message: Loading the model into the server.
[2026-09-26 02:46:00]:[16]:[main.py]:[main]:message: Loading the model into the server.
[2026-09-26 02:46:03]:[16]:[main.py]:[main]:message: Loading the model into the server.
[2026-09-26 02:46:05]:[16]:[main.py]:[main]:message: Loading the model into the server.
[2026-09-26 02:46:10]:[16]:[main.py]:[main]:message: Loading the model into the server.
[2026-09-26 02:46:13]:[16]:[main.py]:[main]:message: Loading the model into the server.
[2026-09-26 02:46:18]:[16]:[main.py]:[main]:message: Loading the model into the server.
[2026-09-26 02:46:25]:[16]:[main.py]:[main]:message: Loading the model into the server.
[2026-09-26 02:46:27]:[16]:[main.py]:[main]:message: Loading the model into the server.
[2026-09-26 02:46:32]:[16]:[main.py]:[main]:message: Loading the model into the server.
[2026-09-26 02:46:37]:[16]:[main.py]:[main]:message: Loading the model into the server.
[2026-09-26 02:46:40]:[16]:[main.py]:[main]:message: Loading the model into the server.
[2026-09-26 02:46:43]:[16]:[main.py]:[main]:message: Loading the model into the server.
[2026-09-26 02:46:46]:[16]:[main.py]:[main]:message: Loading the model into the server.
[2026-09-26 02:46:48]:[16]:[main.py]:[main]:message: Loading the model into the server.
[2026-09-26 02:46:51]:[16]:[main.py]:[main]:message: Loading the model into the server.
[2026-09-26 02:46:54]:[16]:[main.py]:[main]:message: Loading the model into the server.
[2026-09-26 02:46:57]:[16]:[main.py]:[main]:message: Loading the model into the server.
[2026-09-26 02:47:03]:[16]:[main.py]:[main]:message: Loading the model into the server.
[2026-09-26 02:47:06]:[16]:[main.py]:[main]:message: Loading the model into the server.
[2026-09-26 02:47:09]:[16]:[main.py]:[main]:message: Loading the model into the server.
[2026-09-26 02:47:12]:[16]:[main.py]:[main]:message: Loading the model into the server.
[2026-09-26 02:47:15]:[16]:[main.py]:[main]:message: Loading the model into the server.
[2026-09-26 02:47:18]:[16]:[main.py]:[main]:message: Loading the model into the server.
[2026-09-26 02:47:24]:[16]:[main.py]:[main]:message: Loading the model into the server.
[2026-09-26 02:47:27]:[16]:[main.py]:[main]:message: Loading the model into the server.
[2026-09-26 02:47:30]:[16]:[main.py]:[main]:message: Loading the model into the server.
[2026-09-26 02:47:33]:[16]:[main.py]:[main]:message: Loading the model into the server.
[2026-09-26 02:47:35]:[16]:[main.py]:[main]:message: Loading the model into the server.
[2026-09-26 02:47:38]:[16]:[main.py]:[main]:message: Loading the model into the server.
[2026-09-26 02:47:41]:[16]:[main.py]:[main]:message: Loading the model into the server.
[2026-09-26 02:47:47]:[16]:[main.py]:[main]:message: Loading the model into the server.
[2026-09-26 02:47:50]:[16]:[main.py]:[main]:message: Loading the model into the server.
[2026-09-26 02:47:58]:[16]:[main.py]:[main]:message: Loading the model into the server.
[2026-09-26 02:48:01]:[16]:[main.py]:[main]:message: Loading the model into the server.
[2026-09-26 02:48:06]:[16]:[main.py]:[main]:message: Loading the model into the server.
[2026-09-26 02:48:09]:[16]:[main.py]:[main]:message: Loading the model into the server.
[2026-09-26 02:48:12]:[16]:[main.py]:[main]:message: Loading the model into the server.
[2026-09-26 02:48:15]:[16]:[main.py]:[main]:message: Loading the model into the server.
[2026-09-26 02:48:17]:[16]:[main.py]:[main]:message: Loading the model into the server.
[2026-09-26 02:48:22]:[16]:[main.py]:[main]:message: Loading the model into the server.
[2026-09-26 02:48:36]:[16]:[main.py]:[main]:message: Loading the model into the server.
[2026-09-26 02:48:40]:[16]:[main.py]:[main]:message: Loading the model into the server.
[2026-09-26 02:48:42]:[16]:[main.py]:[main]:message: Loading the model into the server.
[2026-09-26 02:48:46]:[16]:[main.py]:[main]:message: Loading the model into the server.
[2026-09-26 02:48:49]:[16]:[main.py]:[main]:message: Loading the model into the server.
[2026-09-26 02:48:52]:[16]:[main.py]:[main]:message: Loading the model into the server.
[2026-09-26 02:48:55]:[16]:[main.py]:[main]:message: Loading the model into the server.
[2026-09-26 02:48:58]:[16]:[main.py]:[main]:message: Loading the model into the server.
[2026-09-26 02:49:03]:[16]:[main.py]:[main]:message: Loading the model into the server.
[2026-09-26 02:49:05]:[16]:[main.py]:[main]:message: Loading the model into the server.
[2026-09-26 02:49:08]:[16]:[main.py]:[main]:message: Loading the model into the server.
[2026-09-26 02:49:12]:[16]:[main.py]:[main]:message: Loading the model into the server.
[2026-09-26 02:49:20]:[16]:[main.py]:[main]:message: Loading the model into the server.
[2026-09-26 02:49:22]:[16]:[main.py]:[main]:message: Loading the model into the server.
[2026-09-26 02:49:27]:[16]:[main.py]:[main]:message: Loading the model into the server.
[2026-09-26 02:49:30]:[16]:[main.py]:[main]:message: Loading the model into the server.
[2026-09-26 02:49:39]:[16]:[main.py]:[main]:message: Loading the model into the server.
[2026-09-26 02:49:42]:[16]:[main.py]:[main]:message: Loading the model into the server.
[2026-09-26 02:49:45]:[16]:[main.py]:[main]:message: Loading the model into the server.
[2026-09-26 02:49:47]:[16]:[main.py]:[main]:message: Loading the model into the server.
[2026-09-26 02:49:50]:[16]:[main.py]:[main]:message: Loading the model into the server.
[2026-09-26 02:49:53]:[16]:[main.py]:[main]:message: Loading the model into the server.
[2026-09-26 02:52:08]:[16]:[main.py]:[main]:message: Loading the model into the server.
[2026-09-26 02:52:12]:[16]:[main.py]:[main]:message: Loading the model into the server.
[2026-09-26 02:52:19]:[16]:[main.py]:[main]:message: Loading the model into the server.
[2026-09-26 02:52:25]:[16]:[main.py]:[main]:message: Loading the model into the server.
[2026-09-26 02:52:27]:[16]:[main.py]:[main]:message: Loading the model into the server.
[2026-09-26 02:52:36]:[16]:[main.py]:[main]:message: Loading the model into the server.
[2026-09-26 02:52:39]:[16]:[main.py]:[main]:message: Loading the model into the server.
[2026-09-26 02:52:41]:[16]:[main.py]:[main]:message: Loading the model into the server.
[2026-09-26 02:52:55]:[16]:[main.py]:[main]:message: Loading the model into the server.
[2026-09-26 02:52:59]:[16]:[main.py]:[main]:message: Loading the model into the server.
[2026-09-26 02:53:02]:[16]:[main.py]:[main]:message: Loading the model into the server.
[2026-09-26 02:53:11]:[16]:[main.py]:[main]:message: Loading the model into the server.
[2026-09-26 02:53:14]:[16]:[main.py]:[main]:message: Loading the model into the server.
[2026-09-26 02:53:20]:[16]:[main.py]:[main]:message: Loading the model into the server.
[2026-09-26 02:53:34]:[16]:[main.py]:[main]:message: Loading the model into the server.
[2026-09-26 02:53:36]:[16]:[main.py]:[main]:message: Loading the model into the server.
[2026-09-26 02:53:39]:[16]:[main.py]:[main]:message: Loading the model into the server.
[2026-09-26 02:53:51]:[16]:[main.py]:[main]:message: Loading the model into the server.
[2026-09-26 02:53:54]:[16]:[main.py]:[main]:message: Loading the model into the server.
[2026-09-26 02:54:00]:[16]:[main.py]:[main]:message: Loading the model into the server.
[2026-09-26 02:54:12]:[16]:[main.py]:[main]:message: Loading the model into the server.
[2026-09-26 02:54:20]:[16]:[main.py]:[main]:message: Loading the model into the server.
[2026-09-26 02:54:23]:[16]:[main.py]:[main]:message: Loading the model into the server.
[2026-09-26 02:54:33]:[16]:[main.py]:[main]:message: Loading the model into the server.
[2026-09-26 02:54:36]:[16]:[main.py]:[main]:message: Loading the model into the server.
[2026-09-26 02:54:39]:[16]:[main.py]:[main]:message: Loading the model into the server.
[2026-09-26 02:54:45]:[16]:[main.py]:[main]:message: Loading the model into the server.
[2026-09-26 02:54:49]:[16]:[main.py]:[main]:message: Loading the model into the server.
[2026-09-26 02:54:53]:[16]:[main.py]:[main]:message: Loading the model into the server.
[2026-09-26 02:54:56]:[16]:[main.py]:[main]:message: Loading the model into the server.
[2026-09-26 02:55:02]:[16]:[main.py]:[main]:message: Loading the model into the server.
[2026-09-26 02:55:07]:[16]:[main.py]:[main]:message: Loading the model into the server.
[2026-09-26 02:55:12]:[16]:[main.py]:[main]:message: Loading the model into the server.
[2026-09-26 02:55:15]:[16]:[main.py]:[main]:message: Loading the model into the server.
[2026-09-26 02:55:46]:[16]:[main.py]:[main]:message: Loading the model into the server.
[2026-09-26 02:55:50]:[16]:[main.py]:[main]:message: Loading the model into the server.
[2026-09-26 02:55:53]:[16]:[main.py]:[main]:message: Loading the model into the server.
[2026-09-26 02:58:44]:[16]:[main.py]:[main]:message: Loading the model into the server.
[2026-09-26 02:58:47]:[16]:[main.py]:[main]:message: Loading the model into the server.
[2026-09-26 02:58:49]:[16]:[main.py]:[main]:message: Loading the model into the server.
[2026-09-26 03:03:29]:[16]:[main.py]:[main]:message: Loading the model into the server.
[2026-09-26 03:03:39]:[16]:[main.py]:[main]:message: Loading the model into the server.
[2026-09-26 03:03:41]:[16]:[main.py]:[main]:message: Loading the model into the server.
[2026-09-26 03:03:46]:[16]:[main.py]:[main]:message: Loading the model into the server.
[2026-09-26 03:03:53]:[16]:[main.py]:[main]:message: Loading the model into the server.
[2026-09-26 03:04:03]:[16]:[main.py]:[main]:message: Loading the model into the server.
[2026-09-26 03:04:06]:[16]:[main.py]:[main]:message: Loading the model into the server.
[2026-09-26 03:04:11]:[16]:[main.py]:[main]:message: Loading the model into the server.
[2026-09-26 03:04:13]:[16]:[main.py]:[main]:message: Loading the model into the server.
[2026-09-26 03:04:16]:[16]:[main.py]:[main]:message: Loading the model into the server.
[2026-09-26 03:05:22]:[16]:[main.py]:[main]:message: Loading the model into the server.
[2026-09-26 03:05:25]:[16]:[main.py]:[main]:message: Loading the model into the server.
[2026-09-26 03:05:27]:[16]:[main.py]:[main]:message: Loading the model into the server.
[2026-09-26 03:05:32]:[16]:[main.py]:[main]:message: Loading the model into the server.
[2026-09-26 03:05:40]:[16]:[main.py]:[main]:message: Loading the model into the server.
[2026-09-26 03:05:43]:[16]:[main.py]:[main]:message: Loading the model into the server.
[2026-09-26 03:05:46]:[16]:[main.py]:[main]:message: Loading the model into the server.
[2026-09-26 03:05:49]:[16]:[main.py]:[main]:message: Loading the model into the server.
[2026-09-26 03:05:54]:[16]:[main.py]:[main]:message: Loading the model into the server.
[2026-09-26 03:05:57]:[16]:[main.py]:[main]:message: Loading the model into the server.
[2026-09-26 03:06:04]:[16]:[main.py]:[main]:message: Loading the model into the server.
[2026-09-26 03:06:12]:[16]:[main.py]:[main]:message: Loading the model into the server.
[2026-09-26 03:06:14]:[16]:[main.py]:[main]:message: Loading the model into the server.
[2026-09-26 03:06:21]:[16]:[main.py]:[main]:message: Loading the model into the server.
[2026-09-26 03:06:23]:[16]:[main.py]:[main]:message: Loading the model into the server.
[2026-09-26 03:06:28]:[16]:[main.py]:[main]:message: Loading the model into the server.
[2026-09-26 03:06:31]:[16]:[main.py]:[main]:message: Loading the model into the server.
[2026-09-26 03:06:42]:[16]:[main.py]:[main]:message: Loading the model into the server.
[2026-09-26 03:06:44]:[16]:[main.py]:[main]:message: Loading the model into the server.
[2026-09-26 03:06:52]:[16]:[main.py]:[main]:message: Loading the model into the server.
[2026-09-26 03:06:55]:[16]:[main.py]:[main]:message: Loading the model into the server.
[2026-09-26 03:06:58]:[16]:[main.py]:[main]:message: Loading the model into the server.
[2026-09-26 03:07:00]:[16]:[main.py]:[main]:message: Loading the model into the server.
[2026-09-26 03:07:08]:[16]:[main.py]:[main]:message: Loading the model into the server.
[2026-09-26 03:07:10]:[16]:[main.py]:[main]:message: Loading the model into the server.
[2026-09-26 03:08:36]:[16]:[main.py]:[main]:message: Loading the model into the server.
[2026-09-26 03:08:39]:[16]:[main.py]:[main]:message: Loading the model into the server.
[2026-09-26 03:10:07]:[16]:[main.py]:[main]:message: Loading the model into the server.
[2026-09-26 03:16:42]:[16]:[main.py]:[main]:message: Loading the model into the server.
[2026-09-26 03:16:45]:[16]:[main.py]:[main]:message: Loading the model into the server.
[2026-09-26 03:28:17]:[16]:[main.py]:[main]:message: Loading the model into the server.
[2026-09-26 03:28:19]:[16]:[main.py]:[main]:message: Loading the model into the server.
[2026-09-26 07:52:11]:[16]:[main.py]:[main]:message: Loading the model into the server.
[2026-09-26 07:52:13]:[16]:[main.py]:[main]:message: Loading the model into the server.
[2026-09-26 07:54:58]:[16]:[main.py]:[main]:message: Loading the model into the server.
[2026-09-26 07:55:15]:[16]:[main.py]:[main]:message: Loading the model into the server.
[2026-09-26 07:56:08]:[16]:[main.py]:[main]:message: Loading the model into the server.
[2026-09-26 07:56:12]:[16]:[main.py]:[main]:message: Loading the model into the server.
[2026-09-26 07:56:19]:[16]:[main.py]:[main]:message: Loading the model into the server.
[2026-09-26 07:56:26]:[16]:[main.py]:[main]:message: Loading the model into the server.
[2026-09-26 07:56:31]:[16]:[main.py]:[main]:message: Loading the model into the server.
[2026-09-26 07:56:34]:[16]:[main.py]:[main]:message: Loading the model into the server.
[2026-09-26 08:08:17]:[16]:[main.py]:[main]:message: Loading the model into the server.
[2026-09-26 08:15:29]:[16]:[main.py]:[main]:message: Loading the model into the server.
[2026-09-26 08:15:32]:[16]:[main.py]:[main]:message: Loading the model into the server.
[2026-09-26 08:15:35]:[16]:[main.py]:[main]:message: Loading the model into the server.
[2026-09-26 08:15:43]:[16]:[main.py]:[main]:message: Loading the model into the server.
[2026-09-26 08:15:48]:[16]:[main.py]:[main]:message: Loading the model into the server.
[2026-09-26 08:16:59]:[16]:[main.py]:[main]:message: Loading the model into the server.
[2026-09-26 08:17:04]:[16]:[main.py]:[main]:message: Loading the model into the server.
[2026-09-26 08:17:09]:[16]:[main.py]:[main]:message: Loading the model into the server.
[2026-09-26 08:17:32]:[16]:[main.py]:[main]:message: Loading the model into the server.
[2026-09-26 08:17:34]:[16]:[main.py]:[main]:message: Loading the model into the server.
[2026-09-26 08:17:42]:[16]:[main.py]:[main]:message: Loading the model into the server.
[2026-09-26 11:20:47]:[16]:[main.py]:[main]:message: Loading the model into the server.
[2026-09-26 11:20:49]:[16]:[main.py]:[main]:message: Loading the model into the server.
[2026-09-26 11:26:16]:[16]:[main.py]:[main]:message: Loading the model into the server.
[2026-09-26 11:26:33]:[16]:[main.py]:[main]:message: Loading the model into the server.
[2026-09-26 11:27:25]:[16]:[main.py]:[main]:message: Loading the model into the server.
[2026-09-26 11:27:33]:[16]:[main.py]:[main]:message: Loading the model into the server.
[2026-09-26 11:28:21]:[16]:[main.py]:[main]:message: Loading the model into the server.
[2026-09-26 11:28:31]:[16]:[main.py]:[main]:message: Loading the model into the server.
[2026-09-26 11:41:07]:[16]:[main.py]:[main]:message: Loading the model into the server.
[2026-09-26 11:53:33]:[16]:[main.py]:[main]:message: Loading the model into the server.
[2026-09-26 11:56:57]:[16]:[main.py]:[main]:message: Loading the model into the server.
[2026-09-26 11:56:59]:[16]:[main.py]:[main]:message: Loading the model into the server.
[2026-09-26 11:57:56]:[16]:[main.py]:[main]:message: Loading the model into the server.
[2026-09-26 11:58:21]:[16]:[main.py]:[main]:message: Loading the model into the server.
[2026-09-26 11:58:40]:[16]:[main.py]:[main]:message: Loading the model into the server.
[2026-09-26 11:58:43]:[16]:[main.py]:[main]:message: Loading the model into the server.
